[    0.000000] Booting Linux on physical CPU 0x0000000000 [0x410fd083]
[    0.000000] Linux version 6.19.0-rc1-gcea8d661ee52-dirty (nzzhao@YLLaptop) (aarch64-linux-gnu-gcc (Ubuntu 11.4.0-1ubuntu1~22.04) 11.4.0, GNU ld (GNU Binutils for Ubuntu) 2.38) #271 SMP PREEMPT Sun Mar 22 19:44:16 CST 2026
[    0.000000] KASLR disabled on command line
[    0.000000] random: crng init done
[    0.000000] Machine model: linux,dummy-virt
[    0.000000] efi: UEFI not found.
[    0.000000] OF: reserved mem: Reserved memory: No reserved-memory node in the DT
[    0.000000] NUMA: Faking a node at [mem 0x0000000040000000-0x000000013fffffff]
[    0.000000] NODE_DATA(0) allocated [mem 0x13f7fd600-0x13f7ffc7f]
[    0.000000] Zone ranges:
[    0.000000]   DMA      [mem 0x0000000040000000-0x00000000ffffffff]
[    0.000000]   DMA32    empty
[    0.000000]   Normal   [mem 0x0000000100000000-0x000000013fffffff]
[    0.000000] Movable zone start for each node
[    0.000000] Early memory node ranges
[    0.000000]   node   0: [mem 0x0000000040000000-0x000000013fffffff]
[    0.000000] Initmem setup node 0 [mem 0x0000000040000000-0x000000013fffffff]
[    0.000000] cma: Reserved 32 MiB at 0x00000000fe000000
[    0.000000] psci: probing for conduit method from DT.
[    0.000000] psci: PSCIv1.1 detected in firmware.
[    0.000000] psci: Using standard PSCI v0.2 function IDs
[    0.000000] psci: Trusted OS migration not required
[    0.000000] psci: SMC Calling Convention v1.0
[    0.000000] percpu: Embedded 34 pages/cpu s100760 r8192 d30312 u139264
[    0.000000] pcpu-alloc: s100760 r8192 d30312 u139264 alloc=34*4096
[    0.000000] pcpu-alloc: [0] 0 [0] 1 [0] 2 [0] 3 [0] 4 [0] 5 [0] 6 [0] 7 
[    0.000000] Detected PIPT I-cache on CPU0
[    0.000000] CPU features: detected: GICv3 CPU interface
[    0.000000] CPU features: detected: Spectre-v2
[    0.000000] CPU features: detected: Spectre-v3a
[    0.000000] CPU features: detected: Spectre-v4
[    0.000000] CPU features: detected: Spectre-BHB
[    0.000000] CPU features: detected: ARM errata 1165522, 1319367, or 1530923
[    0.000000] alternatives: applying boot alternatives
[    0.000000] Kernel command line: panic=5 noinitrd root=/dev/vda rw console=ttyAMA0 nokaslr loglevel=8 ramoops.mem_address=0x1FF800000 ramoops.mem_size=0x200000 ramoops.record_size=0x20000 ramoops.console_size=0x20000 panic_on_oops=1 sysrq_always_enabled
[    0.000000] sysrq: sysrq always enabled.
[    0.000000] Unknown kernel command line parameters "panic_on_oops=1", will be passed to user space.
[    0.000000] printk: log buffer data + meta data: 131072 + 458752 = 589824 bytes
[    0.000000] Dentry cache hash table entries: 524288 (order: 10, 4194304 bytes, linear)
[    0.000000] Inode-cache hash table entries: 262144 (order: 9, 2097152 bytes, linear)
[    0.000000] software IO TLB: area num 8.
[    0.000000] software IO TLB: mapped [mem 0x00000000fa000000-0x00000000fe000000] (64MB)
[    0.000000] Fallback order for Node 0: 0 
[    0.000000] Built 1 zonelists, mobility grouping on.  Total pages: 1048576
[    0.000000] Policy zone: Normal
[    0.000000] mem auto-init: stack:off, heap alloc:off, heap free:off
[    0.000000] SLUB: HWalign=64, Order=0-3, MinObjects=0, CPUs=8, Nodes=1
[    0.000000] ftrace: allocating 72219 entries in 284 pages
[    0.000000] ftrace: allocated 284 pages with 4 groups
[    0.000000] rcu: Preemptible hierarchical RCU implementation.
[    0.000000] rcu: 	RCU event tracing is enabled.
[    0.000000] rcu: 	RCU restricting CPUs from NR_CPUS=512 to nr_cpu_ids=8.
[    0.000000] 	Trampoline variant of Tasks RCU enabled.
[    0.000000] 	Rude variant of Tasks RCU enabled.
[    0.000000] 	Tracing variant of Tasks RCU enabled.
[    0.000000] rcu: RCU calculated value of scheduler-enlistment delay is 25 jiffies.
[    0.000000] rcu: Adjusting geometry for rcu_fanout_leaf=16, nr_cpu_ids=8
[    0.000000] RCU Tasks: Setting shift to 3 and lim to 1 rcu_task_cb_adjust=1 rcu_task_cpu_ids=8.
[    0.000000] RCU Tasks Rude: Setting shift to 3 and lim to 1 rcu_task_cb_adjust=1 rcu_task_cpu_ids=8.
[    0.000000] RCU Tasks Trace: Setting shift to 3 and lim to 1 rcu_task_cb_adjust=1 rcu_task_cpu_ids=8.
[    0.000000] NR_IRQS: 64, nr_irqs: 64, preallocated irqs: 0
[    0.000000] GICv3: GIC: Using split EOI/Deactivate mode
[    0.000000] GICv3: 256 SPIs implemented
[    0.000000] GICv3: 0 Extended SPIs implemented
[    0.000000] Root IRQ handler: gic_handle_irq
[    0.000000] GICv3: GICv3 features: 16 PPIs
[    0.000000] GICv3: GICD_CTLR.DS=1, SCR_EL3.FIQ=0
[    0.000000] GICv3: CPU0: found redistributor 0 region 0:0x00000000080a0000
[    0.000000] ITS [mem 0x08080000-0x0809ffff]
[    0.000000] ITS@0x0000000008080000: allocated 8192 Devices @100250000 (indirect, esz 8, psz 64K, shr 1)
[    0.000000] ITS@0x0000000008080000: allocated 8192 Interrupt Collections @100260000 (flat, esz 8, psz 64K, shr 1)
[    0.000000] GICv3: using LPI property table @0x0000000100270000
[    0.000000] GICv3: CPU0: using allocated LPI pending table @0x0000000100280000
[    0.000000] rcu: srcu_init: Setting srcu_struct sizes based on contention.
[    0.000000] arch_timer: cp15 timer running at 62.50MHz (phys).
[    0.000000] clocksource: arch_sys_counter: mask: 0x1ffffffffffffff max_cycles: 0x1cd42e208c, max_idle_ns: 881590405314 ns
[    0.000157] sched_clock: 57 bits at 63MHz, resolution 16ns, wraps every 4398046511096ns
[    0.031344] Console: colour dummy device 80x25
[    0.042285] Calibrating delay loop (skipped), value calculated using timer frequency.. 125.00 BogoMIPS (lpj=250000)
[    0.042880] pid_max: default: 32768 minimum: 301
[    0.058541] Mount-cache hash table entries: 8192 (order: 4, 65536 bytes, linear)
[    0.058749] Mountpoint-cache hash table entries: 8192 (order: 4, 65536 bytes, linear)
[    0.148940] cacheinfo: Unable to detect cache hierarchy for CPU 0
[    0.173823] rcu: Hierarchical SRCU implementation.
[    0.173905] rcu: 	Max phase no-delay instances is 1000.
[    0.176311] Timer migration: 1 hierarchy levels; 8 children per group; 1 crossnode level
[    0.184639] fsl-mc MSI: its@8080000 domain created
[    0.187843] EFI services will not be available.
[    0.190481] smp: Bringing up secondary CPUs ...
[    0.204243] Detected PIPT I-cache on CPU1
[    0.205983] GICv3: CPU1: found redistributor 1 region 0:0x00000000080c0000
[    0.206287] GICv3: CPU1: using allocated LPI pending table @0x0000000100290000
[    0.206963] CPU1: Booted secondary processor 0x0000000001 [0x410fd083]
[    0.217425] Detected PIPT I-cache on CPU2
[    0.217663] GICv3: CPU2: found redistributor 2 region 0:0x00000000080e0000
[    0.217895] GICv3: CPU2: using allocated LPI pending table @0x00000001002a0000
[    0.218492] CPU2: Booted secondary processor 0x0000000002 [0x410fd083]
[    0.224814] Detected PIPT I-cache on CPU3
[    0.225053] GICv3: CPU3: found redistributor 3 region 0:0x0000000008100000
[    0.225276] GICv3: CPU3: using allocated LPI pending table @0x00000001002b0000
[    0.226085] CPU3: Booted secondary processor 0x0000000003 [0x410fd083]
[    0.229778] Detected PIPT I-cache on CPU4
[    0.230032] GICv3: CPU4: found redistributor 4 region 0:0x0000000008120000
[    0.230341] GICv3: CPU4: using allocated LPI pending table @0x00000001002c0000
[    0.231326] CPU4: Booted secondary processor 0x0000000004 [0x410fd083]
[    0.236993] Detected PIPT I-cache on CPU5
[    0.237260] GICv3: CPU5: found redistributor 5 region 0:0x0000000008140000
[    0.237512] GICv3: CPU5: using allocated LPI pending table @0x00000001002d0000
[    0.238660] CPU5: Booted secondary processor 0x0000000005 [0x410fd083]
[    0.376150] Detected PIPT I-cache on CPU6
[    0.376319] GICv3: CPU6: found redistributor 6 region 0:0x0000000008160000
[    0.376451] GICv3: CPU6: using allocated LPI pending table @0x00000001002e0000
[    0.377068] CPU6: Booted secondary processor 0x0000000006 [0x410fd083]
[    0.379434] Detected PIPT I-cache on CPU7
[    0.379735] GICv3: CPU7: found redistributor 7 region 0:0x0000000008180000
[    0.379908] GICv3: CPU7: using allocated LPI pending table @0x00000001002f0000
[    0.380822] CPU7: Booted secondary processor 0x0000000007 [0x410fd083]
[    0.382094] smp: Brought up 1 node, 8 CPUs
[    0.382151] SMP: Total of 8 processors activated.
[    0.382199] CPU: All CPU(s) started at EL2
[    0.382878] CPU features: detected: 32-bit EL0 Support
[    0.383021] CPU features: detected: 32-bit EL1 Support
[    0.383152] CPU features: detected: CRC32 instructions
[    0.383587] CPU features: detected: PMUv3
[    0.411739] alternatives: applying system-wide alternatives
[    0.417740] CPU features: detected: ICV_DIR_EL1 trapping
[    0.433397] Memory: 3942520K/4194304K available (22272K kernel code, 6426K rwdata, 15108K rodata, 16256K init, 721K bss, 209440K reserved, 32768K cma-reserved)
[    0.482065] devtmpfs: initialized
[    0.539566] clocksource: jiffies: mask: 0xffffffff max_cycles: 0xffffffff, max_idle_ns: 7645041785100000 ns
[    0.541367] posixtimers hash table entries: 4096 (order: 4, 65536 bytes, linear)
[    0.542023] futex hash table entries: 2048 (131072 bytes on 1 NUMA nodes, total 128 KiB, linear).
[    0.548435] 17504 pages in range for non-PLT usage
[    0.548837] 509024 pages in range for PLT usage
[    0.570728] DMI not present or invalid.
[    0.600487] NET: Registered PF_NETLINK/PF_ROUTE protocol family
[    0.616144] DMA: preallocated 512 KiB GFP_KERNEL pool for atomic allocations
[    0.616872] DMA: preallocated 512 KiB GFP_KERNEL|GFP_DMA pool for atomic allocations
[    0.617314] DMA: preallocated 512 KiB GFP_KERNEL|GFP_DMA32 pool for atomic allocations
[    0.617544] audit: initializing netlink subsys (disabled)
[    0.619156] audit: type=2000 audit(0.420:1): state=initialized audit_enabled=0 res=1
[    0.624596] thermal_sys: Registered thermal governor 'step_wise'
[    0.624624] thermal_sys: Registered thermal governor 'power_allocator'
[    0.625100] cpuidle: using governor menu
[    0.626169] hw-breakpoint: found 6 breakpoint and 4 watchpoint registers.
[    0.627512] ASID allocator initialised with 65536 entries
[    0.633186] Serial: AMBA PL011 UART driver
[    0.666771] 9000000.pl011: ttyAMA0 at MMIO 0x9000000 (irq = 14, base_baud = 0) is a PL011 rev1
[    0.668916] printk: console [ttyAMA0] enabled
[    0.682775] HugeTLB: registered 1.00 GiB page size, pre-allocated 0 pages
[    0.682799] HugeTLB: 0 KiB vmemmap can be freed for a 1.00 GiB page
[    0.682824] HugeTLB: registered 32.0 MiB page size, pre-allocated 0 pages
[    0.682828] HugeTLB: 0 KiB vmemmap can be freed for a 32.0 MiB page
[    0.682837] HugeTLB: registered 2.00 MiB page size, pre-allocated 0 pages
[    0.682845] HugeTLB: 0 KiB vmemmap can be freed for a 2.00 MiB page
[    0.682849] HugeTLB: registered 64.0 KiB page size, pre-allocated 0 pages
[    0.682852] HugeTLB: 0 KiB vmemmap can be freed for a 64.0 KiB page
[    0.694975] ACPI: Interpreter disabled.
[    0.700757] iommu: Default domain type: Translated
[    0.700843] iommu: DMA domain TLB invalidation policy: strict mode
[    0.705415] SCSI subsystem initialized
[    0.707380] libata version 3.00 loaded.
[    0.711483] usbcore: registered new interface driver usbfs
[    0.712589] usbcore: registered new interface driver hub
[    0.713120] usbcore: registered new device driver usb
[    0.718267] pps_core: LinuxPPS API ver. 1 registered
[    0.718437] pps_core: Software ver. 5.3.6 - Copyright 2005-2007 Rodolfo Giometti <giometti@linux.it>
[    0.718684] PTP clock support registered
[    0.719759] EDAC MC: Ver: 3.0.0
[    0.725579] scmi_core: SCMI protocol bus registered
[    0.736826] FPGA manager framework
[    0.739692] Advanced Linux Sound Architecture Driver Initialized.
[    0.779319] vgaarb: loaded
[    0.790884] clocksource: Switched to clocksource arch_sys_counter
[    0.804114] VFS: Disk quotas dquot_6.6.0
[    0.804515] VFS: Dquot-cache hash table entries: 512 (order 0, 4096 bytes)
[    0.819155] pnp: PnP ACPI: disabled
[    0.871210] NET: Registered PF_INET protocol family
[    0.873996] IP idents hash table entries: 65536 (order: 7, 524288 bytes, linear)
[    0.882847] tcp_listen_portaddr_hash hash table entries: 2048 (order: 3, 32768 bytes, linear)
[    0.883009] Table-perturb hash table entries: 65536 (order: 6, 262144 bytes, linear)
[    0.883113] TCP established hash table entries: 32768 (order: 6, 262144 bytes, linear)
[    0.883669] TCP bind hash table entries: 32768 (order: 8, 1048576 bytes, linear)
[    0.884222] TCP: Hash tables configured (established 32768 bind 32768)
[    0.886183] UDP hash table entries: 2048 (order: 5, 131072 bytes, linear)
[    0.886684] UDP-Lite hash table entries: 2048 (order: 5, 131072 bytes, linear)
[    0.888462] NET: Registered PF_UNIX/PF_LOCAL protocol family
[    0.892309] RPC: Registered named UNIX socket transport module.
[    0.892406] RPC: Registered udp transport module.
[    0.892429] RPC: Registered tcp transport module.
[    0.892448] RPC: Registered tcp-with-tls transport module.
[    0.892478] RPC: Registered tcp NFSv4.1 backchannel transport module.
[    0.892607] PCI: CLS 0 bytes, default 64
[    0.904332] kvm [1]: nv: 568 coarse grained trap handlers
[    0.907832] kvm [1]: IPA Size Limit: 44 bits
[    0.935484] kvm [1]: GICv3: no GICV resource entry
[    0.936361] kvm [1]: disabling GICv2 emulation
[    0.939134] kvm [1]: GIC system register CPU interface enabled
[    0.943072] kvm [1]: vgic interrupt IRQ9
[    0.946922] kvm [1]: Hyp nVHE mode initialized successfully
[    0.984397] Initialise system trusted keyrings
[    0.991470] workingset: timestamp_bits=42 max_order=20 bucket_order=0
[    0.998841] squashfs: version 4.0 (2009/01/31) Phillip Lougher
[    1.005904] NFS: Registering the id_resolver key type
[    1.006981] Key type id_resolver registered
[    1.007134] Key type id_legacy registered
[    1.012512] nfs4filelayout_init: NFSv4 File Layout Driver Registering...
[    1.013115] nfs4flexfilelayout_init: NFSv4 Flexfile Layout Driver Registering...
[    1.016291] 9p: Installing v9fs 9p2000 file system support
[    1.109953] Key type asymmetric registered
[    1.110037] Asymmetric key parser 'x509' registered
[    1.110308] Block layer SCSI generic (bsg) driver version 0.4 loaded (major 244)
[    1.110486] io scheduler mq-deadline registered
[    1.110534] io scheduler kyber registered
[    1.110844] io scheduler bfq registered
[    1.127106] pl061_gpio 9030000.pl061: PL061 GPIO chip registered
[    1.130252] ledtrig-cpu: registered to indicate activity on CPUs
[    1.133117] pci-host-generic 4010000000.pcie: host bridge /pcie@10000000 ranges:
[    1.133635] pci-host-generic 4010000000.pcie:       IO 0x003eff0000..0x003effffff -> 0x0000000000
[    1.134064] pci-host-generic 4010000000.pcie:      MEM 0x0010000000..0x003efeffff -> 0x0010000000
[    1.134115] pci-host-generic 4010000000.pcie:      MEM 0x8000000000..0xffffffffff -> 0x8000000000
[    1.134650] pci-host-generic 4010000000.pcie: Memory resource size exceeds max for 32 bits
[    1.135093] pci-host-generic 4010000000.pcie: ECAM at [mem 0x4010000000-0x401fffffff] for [bus 00-ff]
[    1.136254] pci-host-generic 4010000000.pcie: PCI host bridge to bus 0000:00
[    1.136531] pci_bus 0000:00: root bus resource [bus 00-ff]
[    1.136574] pci_bus 0000:00: root bus resource [io  0x0000-0xffff]
[    1.136618] pci_bus 0000:00: root bus resource [mem 0x10000000-0x3efeffff]
[    1.136624] pci_bus 0000:00: root bus resource [mem 0x8000000000-0xffffffffff]
[    1.138083] pci 0000:00:00.0: [1b36:0008] type 00 class 0x060000 conventional PCI endpoint
[    1.141838] pci 0000:00:01.0: [1af4:1009] type 00 class 0x000200 conventional PCI endpoint
[    1.142065] pci 0000:00:01.0: BAR 0 [io  0x0000-0x003f]
[    1.142107] pci 0000:00:01.0: BAR 1 [mem 0x00000000-0x00000fff]
[    1.142138] pci 0000:00:01.0: BAR 4 [mem 0x00000000-0x00003fff 64bit pref]
[    1.142725] pci 0000:00:02.0: [1af4:1001] type 00 class 0x010000 conventional PCI endpoint
[    1.142779] pci 0000:00:02.0: BAR 0 [io  0x0000-0x007f]
[    1.142787] pci 0000:00:02.0: BAR 1 [mem 0x00000000-0x00000fff]
[    1.142801] pci 0000:00:02.0: BAR 4 [mem 0x00000000-0x00003fff 64bit pref]
[    1.143158] pci 0000:00:03.0: [1af4:1001] type 00 class 0x010000 conventional PCI endpoint
[    1.143240] pci 0000:00:03.0: BAR 0 [io  0x0000-0x007f]
[    1.143253] pci 0000:00:03.0: BAR 1 [mem 0x00000000-0x00000fff]
[    1.143270] pci 0000:00:03.0: BAR 4 [mem 0x00000000-0x00003fff 64bit pref]
[    1.145489] pci 0000:00:01.0: BAR 4 [mem 0x8000000000-0x8000003fff 64bit pref]: assigned
[    1.145719] pci 0000:00:02.0: BAR 4 [mem 0x8000004000-0x8000007fff 64bit pref]: assigned
[    1.145769] pci 0000:00:03.0: BAR 4 [mem 0x8000008000-0x800000bfff 64bit pref]: assigned
[    1.145807] pci 0000:00:01.0: BAR 1 [mem 0x10000000-0x10000fff]: assigned
[    1.145819] pci 0000:00:02.0: BAR 1 [mem 0x10001000-0x10001fff]: assigned
[    1.145826] pci 0000:00:03.0: BAR 1 [mem 0x10002000-0x10002fff]: assigned
[    1.145844] pci 0000:00:02.0: BAR 0 [io  0x1000-0x107f]: assigned
[    1.145871] pci 0000:00:03.0: BAR 0 [io  0x1080-0x10ff]: assigned
[    1.145886] pci 0000:00:01.0: BAR 0 [io  0x1100-0x113f]: assigned
[    1.146131] pci_bus 0000:00: resource 4 [io  0x0000-0xffff]
[    1.146151] pci_bus 0000:00: resource 5 [mem 0x10000000-0x3efeffff]
[    1.146164] pci_bus 0000:00: resource 6 [mem 0x8000000000-0xffffffffff]
[    1.188907] virtio-pci 0000:00:01.0: enabling device (0000 -> 0003)
[    1.191129] virtio-pci 0000:00:02.0: enabling device (0000 -> 0003)
[    1.192119] virtio-pci 0000:00:03.0: enabling device (0000 -> 0003)
[    1.201787] Serial: 8250/16550 driver, 4 ports, IRQ sharing enabled
[    1.207104] msm_serial: driver initialized
[    1.207605] SuperH (H)SCI(F) driver initialized
[    1.207775] STM32 USART driver initialized
[    1.228315] loop: module loaded
[    1.229275] virtio_blk virtio2: 8/0/0 default/read/poll queues
[    1.241025] virtio_blk virtio2: [vda] 16777216 512-byte logical blocks (8.59 GB/8.00 GiB)
[    1.251621] virtio_blk virtio3: 8/0/0 default/read/poll queues
[    1.255239] virtio_blk virtio3: [vdb] 31457280 512-byte logical blocks (16.1 GB/15.0 GiB)
[    1.259173] megasas: 07.734.00.00-rc1
[    1.262852] physmap-flash 0.flash: physmap platform flash device: [mem 0x00000000-0x03ffffff]
[    1.264536] 0.flash: Found 2 x16 devices at 0x0 in 32-bit bank. Manufacturer ID 0x000000 Chip ID 0x000000
[    1.265093] Intel/Sharp Extended Query Table at 0x0031
[    1.265874] Using buffer write method
[    1.266177] erase region 0: offset=0x0,size=0x40000,blocks=256
[    1.266371] physmap-flash 0.flash: physmap platform flash device: [mem 0x04000000-0x07ffffff]
[    1.267169] 0.flash: Found 2 x16 devices at 0x0 in 32-bit bank. Manufacturer ID 0x000000 Chip ID 0x000000
[    1.267222] Intel/Sharp Extended Query Table at 0x0031
[    1.268385] Using buffer write method
[    1.268471] erase region 0: offset=0x0,size=0x40000,blocks=256
[    1.268550] Concatenating MTD devices:
[    1.268569] (0): "0.flash"
[    1.268586] (1): "0.flash"
[    1.268601] into device "0.flash"
[    1.299078] tun: Universal TUN/TAP device driver, 1.6
[    1.311176] thunder_xcv, ver 1.0
[    1.311396] thunder_bgx, ver 1.0
[    1.311514] nicpf, ver 1.0
[    1.314360] e1000: Intel(R) PRO/1000 Network Driver
[    1.314420] e1000: Copyright (c) 1999-2006 Intel Corporation.
[    1.314587] e1000e: Intel(R) PRO/1000 Network Driver
[    1.314607] e1000e: Copyright(c) 1999 - 2015 Intel Corporation.
[    1.314703] igb: Intel(R) Gigabit Ethernet Network Driver
[    1.314722] igb: Copyright (c) 2007-2014 Intel Corporation.
[    1.314811] igbvf: Intel(R) Gigabit Virtual Function Network Driver
[    1.314822] igbvf: Copyright (c) 2009 - 2012 Intel Corporation.
[    1.315319] sky2: driver version 1.30
[    1.318566] VFIO - User Level meta-driver version: 0.3
[    1.325387] usbcore: registered new interface driver usb-storage
[    1.334340] rtc-pl031 9010000.pl031: registered as rtc0
[    1.334929] rtc-pl031 9010000.pl031: setting system clock to 2026-03-22T14:23:01 UTC (1774189381)
[    1.336266] i2c_dev: i2c /dev entries driver
[    1.344844] sdhci: Secure Digital Host Controller Interface driver
[    1.344896] sdhci: Copyright(c) Pierre Ossman
[    1.345653] Synopsys Designware Multimedia Card Interface Driver
[    1.346586] sdhci-pltfm: SDHCI platform and OF driver helper
[    1.352202] usbcore: registered new interface driver usbhid
[    1.352276] usbhid: USB HID core driver
[    1.359094] hw perfevents: enabled with armv8_pmuv3 PMU driver, 7 (0,8000003f) counters available
[    1.368125] NET: Registered PF_PACKET protocol family
[    1.369596] 9pnet: Installing 9P2000 support
[    1.371301] Key type dns_resolver registered
[    1.389813] registered taskstats version 1
[    1.391154] Loading compiled-in X.509 certificates
[    1.416863] Demotion targets for Node 0: null
[    1.417455] Key type .fscrypt registered
[    1.417489] Key type fscrypt-provisioning registered
[    1.426613] input: gpio-keys as /devices/platform/gpio-keys/input/input0
[    1.746434] clk: Disabling unused clocks
[    1.747266] PM: genpd: Disabling unused power domains
[    1.747779] ALSA device list:
[    1.747998]   No soundcards found.
[    1.769249] check access for rdinit=/init failed: -2, ignoring
[    1.990025] EXT4-fs (vda): recovery complete
[    1.998491] EXT4-fs (vda): mounted filesystem 1d7abc7f-a9dc-4f94-8b8b-60008b3ee842 r/w with ordered data mode. Quota mode: none.
[    2.000382] VFS: Mounted root (ext4 filesystem) on device 254:0.
[    2.014973] devtmpfs: mounted
[    2.385894] Freeing unused kernel memory: 16256K
[    2.387143] Run /sbin/init as init process
[    2.387233]   with arguments:
[    2.387259]     /sbin/init
[    2.387273]   with environment:
[    2.387285]     HOME=/
[    2.387295]     TERM=linux
[    2.387298]     panic_on_oops=1
[    3.155647] systemd[1]: systemd 255.4-1ubuntu8.10 running in system mode (+PAM +AUDIT +SELINUX +APPARMOR +IMA +SMACK +SECCOMP +GCRYPT -GNUTLS +OPENSSL +ACL +BLKID +CURL +ELFUTILS +FIDO2 +IDN2 -IDN +IPTC +KMOD +LIBCRYPTSETUP +LIBFDISK +PCRE2 -PWQUALITY +P11KIT +QRENCODE +TPM2 +BZIP2 +LZ4 +XZ +ZLIB +ZSTD -BPF_FRAMEWORK -XKBCOMMON +UTMP +SYSVINIT default-hierarchy=unified)
[    3.157134] systemd[1]: Detected virtualization qemu.
[    3.157760] systemd[1]: Detected architecture arm64.

Welcome to [1mUbuntu 24.04.2 LTS[0m!

[    3.190034] systemd[1]: Hostname set to <localhost.localdomain>.
[    4.871152] systemd[1]: Binding to IPv6 address not available since kernel does not support IPv6.
[    4.875444] systemd[1]: Binding to IPv6 address not available since kernel does not support IPv6.
[    4.875512] systemd[1]: Binding to IPv6 address not available since kernel does not support IPv6.
[    5.028309] systemd[1]: /etc/systemd/system/sysrq.service:3: Failed to parse boolean value, ignoring: no          # 尽量早点跑，但要等 /proc 挂载好
[    5.028584] systemd[1]: /etc/systemd/system/sysrq.service:9: Failed to parse boolean value, ignoring: yes             # 不反复执行
[    5.054463] systemd[1]: /etc/systemd/system/force-dns-config.service:1: Assignment outside of section. Ignoring.
[    5.054575] systemd[1]: /etc/systemd/system/force-dns-config.service:2: Assignment outside of section. Ignoring.
[    5.054624] systemd[1]: /etc/systemd/system/force-dns-config.service:4: Assignment outside of section. Ignoring.
[    5.054647] systemd[1]: /etc/systemd/system/force-dns-config.service:5: Assignment outside of section. Ignoring.
[    5.070774] systemd[1]: Queued start job for default target graphical.target.
[    5.154850] systemd[1]: Created slice system-getty.slice - Slice /system/getty.
[[0;32m  OK  [0m] Created slice [0;1;39msystem-getty.slice[0m - Slice /system/getty.
[    5.169741] systemd[1]: Created slice system-modprobe.slice - Slice /system/modprobe.
[[0;32m  OK  [0m] Created slice [0;1;39msystem-modprobe.slice[0m - Slice /system/modprobe.
[    5.179106] systemd[1]: Created slice system-serial\x2dgetty.slice - Slice /system/serial-getty.
[[0;32m  OK  [0m] Created slice [0;1;39msystem-serial\x2dget…slice[0m - Slice /system/serial-getty.
[    5.190331] systemd[1]: Created slice user.slice - User and Session Slice.
[[0;32m  OK  [0m] Created slice [0;1;39muser.slice[0m - User and Session Slice.
[    5.199104] systemd[1]: Started systemd-ask-password-console.path - Dispatch Password Requests to Console Directory Watch.
[[0;32m  OK  [0m] Started [0;1;39msystemd-ask-password-conso…[0mequests to Console Directory Watch.
[    5.202851] systemd[1]: Started systemd-ask-password-wall.path - Forward Password Requests to Wall Directory Watch.
[[0;32m  OK  [0m] Started [0;1;39msystemd-ask-password-wall.…[0md Requests to Wall Directory Watch.
[    5.207120] systemd[1]: proc-sys-fs-binfmt_misc.automount - Arbitrary Executable File Formats File System Automount Point was skipped because of an unmet condition check (ConditionPathExists=/proc/sys/fs/binfmt_misc).
[    5.209749] systemd[1]: Expecting device dev-disk-by\x2duuid-85bab339\x2d22da\x2d457f\x2db237\x2d1d65ef85c53c.device - /dev/disk/by-uuid/85bab339-22da-457f-b237-1d65ef85c53c...
         Expecting device [0;1;39mdev-disk-by\x2duu…[0mb339-22da-457f-b237-1d65ef85c53c...
[    5.212514] systemd[1]: Expecting device dev-ttyAMA0.device - /dev/ttyAMA0...
         Expecting device [0;1;39mdev-ttyAMA0.device[0m - /dev/ttyAMA0...
[    5.214783] systemd[1]: Reached target cryptsetup.target - Local Encrypted Volumes.
[[0;32m  OK  [0m] Reached target [0;1;39mcryptsetup.target[0m - Local Encrypted Volumes.
[    5.217036] systemd[1]: Reached target integritysetup.target - Local Integrity Protected Volumes.
[[0;32m  OK  [0m] Reached target [0;1;39mintegritysetup.targ…[0m Local Integrity Protected Volumes.
[    5.218892] systemd[1]: Reached target paths.target - Path Units.
[[0;32m  OK  [0m] Reached target [0;1;39mpaths.target[0m - Path Units.
[    5.221060] systemd[1]: Reached target slices.target - Slice Units.
[[0;32m  OK  [0m] Reached target [0;1;39mslices.target[0m - Slice Units.
[    5.222552] systemd[1]: Reached target swap.target - Swaps.
[[0;32m  OK  [0m] Reached target [0;1;39mswap.target[0m - Swaps.
[    5.223831] systemd[1]: Reached target veritysetup.target - Local Verity Protected Volumes.
[[0;32m  OK  [0m] Reached target [0;1;39mveritysetup.target[0m - Local Verity Protected Volumes.
[    5.231061] systemd[1]: Listening on dm-event.socket - Device-mapper event daemon FIFOs.
[[0;32m  OK  [0m] Listening on [0;1;39mdm-event.socket[0m - Device-mapper event daemon FIFOs.
[    5.236465] systemd[1]: Listening on lvm2-lvmpolld.socket - LVM2 poll daemon socket.
[[0;32m  OK  [0m] Listening on [0;1;39mlvm2-lvmpolld.socket[0m - LVM2 poll daemon socket.
[    5.363194] systemd[1]: Listening on rpcbind.socket - RPCbind Server Activation Socket.
[[0;32m  OK  [0m] Listening on [0;1;39mrpcbind.socket[0m - RPCbind Server Activation Socket.
[    5.378182] systemd[1]: syslog.socket: SO_PASSSEC failed: Operation not supported
[    5.378969] systemd[1]: Listening on syslog.socket - Syslog Socket.
[[0;32m  OK  [0m] Listening on [0;1;39msyslog.socket[0m - Syslog Socket.
[    5.384580] systemd[1]: Listening on systemd-initctl.socket - initctl Compatibility Named Pipe.
[[0;32m  OK  [0m] Listening on [0;1;39msystemd-initctl.socke…[0m- initctl Compatibility Named Pipe.
[    5.391236] systemd[1]: systemd-journald-dev-log.socket: SO_PASSSEC failed: Operation not supported
[    5.394003] systemd[1]: Listening on systemd-journald-dev-log.socket - Journal Socket (/dev/log).
[[0;32m  OK  [0m] Listening on [0;1;39msystemd-journald-dev-…socket[0m - Journal Socket (/dev/log).
[    5.399522] systemd[1]: systemd-journald.socket: SO_PASSSEC failed: Operation not supported
[    5.401088] systemd[1]: systemd-journald.socket: SO_PASSSEC failed: Operation not supported
[    5.401572] systemd[1]: Listening on systemd-journald.socket - Journal Socket.
[[0;32m  OK  [0m] Listening on [0;1;39msystemd-journald.socket[0m - Journal Socket.
[    5.410713] systemd[1]: Listening on systemd-networkd.socket - Network Service Netlink Socket.
[[0;32m  OK  [0m] Listening on [0;1;39msystemd-networkd.socket[0m - Network Service Netlink Socket.
[    5.414840] systemd[1]: systemd-pcrextend.socket - TPM2 PCR Extension (Varlink) was skipped because of an unmet condition check (ConditionSecurity=measured-uki).
[    5.425278] systemd[1]: Listening on systemd-udevd-control.socket - udev Control Socket.
[[0;32m  OK  [0m] Listening on [0;1;39msystemd-udevd-control.socket[0m - udev Control Socket.
[    5.431490] systemd[1]: Listening on systemd-udevd-kernel.socket - udev Kernel Socket.
[[0;32m  OK  [0m] Listening on [0;1;39msystemd-udevd-kernel.socket[0m - udev Kernel Socket.
[    5.535151] systemd[1]: Mounting dev-hugepages.mount - Huge Pages File System...
         Mounting [0;1;39mdev-hugepages.mount[0m - Huge Pages File System...
[    5.595133] systemd[1]: Mounting dev-mqueue.mount - POSIX Message Queue File System...
         Mounting [0;1;39mdev-mqueue.mount[0m - POSIX Message Queue File System...
[    5.628481] systemd[1]: Mounting sys-kernel-debug.mount - Kernel Debug File System...
         Mounting [0;1;39msys-kernel-debug.mount[0m - Kernel Debug File System...
[    5.694155] systemd[1]: Mounting sys-kernel-tracing.mount - Kernel Trace File System...
         Mounting [0;1;39msys-kernel-tracing.mount[0m - Kernel Trace File System...
[    5.887628] systemd[1]: Starting systemd-journald.service - Journal Service...
         Starting [0;1;39msystemd-journald.service[0m - Journal Service...
[    5.894920] systemd[1]: auth-rpcgss-module.service - Kernel Module supporting RPCSEC_GSS was skipped because of an unmet condition check (ConditionPathExists=/etc/krb5.keytab).
[    5.905667] systemd[1]: Finished blk-availability.service - Availability of block devices.
[[0;32m  OK  [0m] Finished [0;1;39mblk-availability.service[0m - Availability of block devices.
[    5.927405] systemd[1]: kmod-static-nodes.service - Create List of Static Device Nodes was skipped because of an unmet condition check (ConditionFileNotEmpty=/lib/modules/6.19.0-rc1-gcea8d661ee52-dirty/modules.devname).
[    6.013452] systemd[1]: Starting lvm2-monitor.service - Monitoring of LVM2 mirrors, snapshots etc. using dmeventd or progress polling...
         Starting [0;1;39mlvm2-monitor.service[0m - Mo…ing dmeventd or progress polling...
         Starting [0;1;39mmodprobe@configfs.service[0m - Load Kernel Module configfs...
[    6.039889] systemd[1]: Starting modprobe@configfs.service - Load Kernel Module configfs...
[    6.228273] systemd[1]: Starting modprobe@dm_mod.service - Load Kernel Module dm_mod...
         Starting [0;1;39mmodprobe@dm_mod.service[0m - Load Kernel Module dm_mod...
[    6.321467] systemd[1]: Starting modprobe@drm.service - Load Kernel Module drm...
         Starting [0;1;39mmodprobe@drm.service[0m - Load Kernel Module drm...
[    6.376437] systemd[1]: Starting modprobe@efi_pstore.service - Load Kernel Module efi_pstore...
         Starting [0;1;39mmodprobe@efi_pstore.servi…[0m - Load Kernel Module efi_pstore...
[    6.423582] systemd[1]: Starting modprobe@fuse.service - Load Kernel Module fuse...
         Starting [0;1;39mmodprobe@fuse.service[0m - Load Kernel Module fuse...
[    6.516578] systemd[1]: Starting modprobe@loop.service - Load Kernel Module loop...
         Starting [0;1;39mmodprobe@loop.service[0m - Load Kernel Module loop...
[    6.565194] systemd[1]: Starting systemd-modules-load.service - Load Kernel Modules...
         Starting [0;1;39msystemd-modules-load.service[0m - Load Kernel Modules...
[    6.595167] systemd[1]: Starting systemd-network-generator.service - Generate network units from Kernel command line...
         Starting [0;1;39msystemd-network-generator…[0mk units from Kernel command line...
[    6.600558] systemd[1]: systemd-pcrmachine.service - TPM2 PCR Machine ID Measurement was skipped because of an unmet condition check (ConditionSecurity=measured-uki).
[    6.622845] systemd-journald[132]: Collecting audit messages is disabled.
[    6.644741] systemd[1]: Starting systemd-remount-fs.service - Remount Root and Kernel File Systems...
         Starting [0;1;39msystemd-remount-fs.servic…[0munt Root and Kernel File Systems...
[    6.708379] systemd[1]: Starting systemd-tmpfiles-setup-dev-early.service - Create Static Device Nodes in /dev gracefully...
         Starting [0;1;39msystemd-tmpfiles-setup-de…[0m Device Nodes in /dev gracefully...
[    6.713764] systemd[1]: systemd-tpm2-setup-early.service - TPM2 SRK Setup (Early) was skipped because of an unmet condition check (ConditionSecurity=measured-uki).
[    6.771236] systemd[1]: Starting systemd-udev-trigger.service - Coldplug All udev Devices...
         Starting [0;1;39msystemd-udev-trigger.service[0m - Coldplug All udev Devices...
[    6.916633] systemd[1]: Mounted dev-hugepages.mount - Huge Pages File System.
[[0;32m  OK  [0m] Mounted [0;1;39mdev-hugepages.mount[0m - Huge Pages File System.
[    6.928238] systemd[1]: Mounted dev-mqueue.mount - POSIX Message Queue File System.
[[0;32m  OK  [0m] Mounted [0;1;39mdev-mqueue.mount[0m - POSIX Message Queue File System.
[    6.935598] systemd[1]: Mounted sys-kernel-debug.mount - Kernel Debug File System.
[[0;32m  OK  [0m] Mounted [0;1;39msys-kernel-debug.mount[0m - Kernel Debug File System.
[    6.950460] systemd[1]: Mounted sys-kernel-tracing.mount - Kernel Trace File System.
[[0;32m  OK  [0m] Mounted [0;1;39msys-kernel-tracing.mount[0m - Kernel Trace File System.
[    6.977549] systemd[1]: modprobe@configfs.service: Deactivated successfully.
[    6.993546] systemd[1]: Finished modprobe@configfs.service - Load Kernel Module configfs.
[[0;32m  OK  [0m] Finished [0;1;39mmodprobe@configfs.service[0m - Load Kernel Module configfs.
[    7.031994] systemd[1]: Finished lvm2-monitor.service - Monitoring of LVM2 mirrors, snapshots etc. using dmeventd or progress polling.
[[0;32m  OK  [0m] Finished [0;1;39mlvm2-monitor.service[0m - Mo…using dmeventd or progress polling.
[    7.052437] systemd[1]: modprobe@dm_mod.service: Deactivated successfully.
[    7.058365] systemd[1]: Finished modprobe@dm_mod.service - Load Kernel Module dm_mod.
[[0;32m  OK  [0m] Finished [0;1;39mmodprobe@dm_mod.service[0m - Load Kernel Module dm_mod.
[    7.071503] systemd[1]: modprobe@drm.service: Deactivated successfully.
[    7.076276] systemd[1]: Finished modprobe@drm.service - Load Kernel Module drm.
[[0;32m  OK  [0m] Finished [0;1;39mmodprobe@drm.service[0m - Load Kernel Module drm.
[    7.092064] systemd[1]: modprobe@efi_pstore.service: Deactivated successfully.
[    7.107965] systemd[1]: Finished modprobe@efi_pstore.service - Load Kernel Module efi_pstore.
[[0;32m  OK  [0m] Finished [0;1;39mmodprobe@efi_pstore.service[0m - Load Kernel Module efi_pstore.
[    7.127795] systemd[1]: modprobe@fuse.service: Deactivated successfully.
[    7.133871] systemd[1]: Finished modprobe@fuse.service - Load Kernel Module fuse.
[[0;32m  OK  [0m] Finished [0;1;39mmodprobe@fuse.service[0m - Load Kernel Module fuse.
[    7.149935] systemd[1]: modprobe@loop.service: Deactivated successfully.
[    7.155008] systemd[1]: Finished modprobe@loop.service - Load Kernel Module loop.
[[0;32m  OK  [0m] Finished [0;1;39mmodprobe@loop.service[0m - Load Kernel Module loop.
[    7.171966] systemd[1]: Finished systemd-modules-load.service - Load Kernel Modules.
[[0;32m  OK  [0m] Finished [0;1;39msystemd-modules-load.service[0m - Load Kernel Modules.
[    7.189844] systemd[1]: Finished systemd-network-generator.service - Generate network units from Kernel command line.
[[0;32m  OK  [0m] Finished [0;1;39msystemd-network-generator…[0mork units from Kernel command line.
[    7.211534] systemd[1]: Finished systemd-remount-fs.service - Remount Root and Kernel File Systems.
[[0;32m  OK  [0m] Finished [0;1;39msystemd-remount-fs.servic…[0mmount Root and Kernel File Systems.
[    7.236483] systemd[1]: Reached target network-pre.target - Preparation for Network.
[[0;32m  OK  [0m] Reached target [0;1;39mnetwork-pre.target[0m - Preparation for Network.
[    7.250493] systemd[1]: sys-fs-fuse-connections.mount - FUSE Control File System was skipped because of an unmet condition check (ConditionPathExists=/sys/fs/fuse/connections).
[    7.311175] systemd[1]: Mounting sys-kernel-config.mount - Kernel Configuration File System...
         Mounting [0;1;39msys-kernel-config.mount[0m - Kernel Configuration File System...
[    7.330519] systemd[1]: systemd-hwdb-update.service - Rebuild Hardware Database was skipped because of an unmet condition check (ConditionNeedsUpdate=/etc).
[    7.335302] systemd[1]: systemd-pstore.service - Platform Persistent Storage Archival was skipped because of an unmet condition check (ConditionDirectoryNotEmpty=/sys/fs/pstore).
[    7.401316] systemd[1]: Starting systemd-random-seed.service - Load/Save OS Random Seed...
         Starting [0;1;39msystemd-random-seed.service[0m - Load/Save OS Random Seed...
[    7.406087] systemd[1]: systemd-repart.service - Repartition Root Disk was skipped because no trigger condition checks were met.
[    7.438151] systemd[1]: Starting systemd-sysctl.service - Apply Kernel Variables...
         Starting [0;1;39msystemd-sysctl.service[0m - Apply Kernel Variables...
[    7.441939] systemd[1]: systemd-tpm2-setup.service - TPM2 SRK Setup was skipped because of an unmet condition check (ConditionSecurity=measured-uki).
[    7.451626] systemd[1]: Started systemd-journald.service - Journal Service.
[[0;32m  OK  [0m] Started [0;1;39msystemd-journald.service[0m - Journal Service.
[[0;32m  OK  [0m] Finished [0;1;39msystemd-tmpfiles-setup-de…[0mic Device Nodes in /dev gracefully.
[[0;32m  OK  [0m] Mounted [0;1;39msys-kernel-config.mount[0m - Kernel Configuration File System.
[[0;32m  OK  [0m] Finished [0;1;39msystemd-random-seed.service[0m - Load/Save OS Random Seed.
         Starting [0;1;39msystemd-journal-flush.ser…[0msh Journal to Persistent Storage...
         Starting [0;1;39msystemd-tmpfiles-setup-de…[0meate Static Device Nodes in /dev...
[[0;32m  OK  [0m] Finished [0;1;39msystemd-sysctl.service[0m - Apply Kernel Variables.
[[0;32m  OK  [0m] Finished [0;1;39msystemd-tmpfiles-setup-de…[0mCreate Static Device Nodes in /dev.
[[0;32m  OK  [0m] Reached target [0;1;39mlocal-fs-pre.target[0m…Preparation for Local File Systems.
         Starting [0;1;39msystemd-udevd.service[0m - R…ager for Device Events and Files...
[[0;32m  OK  [0m] Finished [0;1;39msystemd-journal-flush.ser…[0mlush Journal to Persistent Storage.
[[0;32m  OK  [0m] Started [0;1;39msystemd-udevd.service[0m - Ru…anager for Device Events and Files.
         Starting [0;1;39msystemd-networkd.service[0m - Network Configuration...
[[0;32m  OK  [0m] Started [0;1;39msystemd-networkd.service[0m - Network Configuration.
         Starting [0;1;39msystemd-networkd-wait-onl…[0mait for Network to be Configured...
[[0;32m  OK  [0m] Found device [0;1;39mdev-ttyAMA0.device[0m - /dev/ttyAMA0.
[[0;32m  OK  [0m] Found device [0;1;39mdev-disk-by\x2duuid-8…[0mbab339-22da-457f-b237-1d65ef85c53c.
[[0;32m  OK  [0m] Finished [0;1;39msystemd-udev-trigger.service[0m - Coldplug All udev Devices.
         Mounting [0;1;39mmnt-f2fs.mount[0m - /mnt/f2fs...
         Starting [0;1;39mifupdown-pre.service[0m - He…synchronize boot up for ifupdown...
[[0;32m  OK  [0m] Finished [0;1;39msystemd-networkd-wait-onl…[0m Wait for Network to be Configured.
[[0;32m  OK  [0m] Finished [0;1;39mifupdown-pre.service[0m - He…o synchronize boot up for ifupdown.
[[0;32m  OK  [0m] Mounted [0;1;39mmnt-f2fs.mount[0m - /mnt/f2fs.
[[0;32m  OK  [0m] Reached target [0;1;39mlocal-fs.target[0m - Local File Systems.
[[0;32m  OK  [0m] Listening on [0;1;39msystemd-sysext.socket[0m…tension Image Management (Varlink).
         Starting [0;1;39mnetworking.service[0m - Raise network interfaces...
         Starting [0;1;39msystemd-tmpfiles-setup.se…[0me Volatile Files and Directories...
[[0;32m  OK  [0m] Finished [0;1;39msystemd-tmpfiles-setup.se…[0mate Volatile Files and Directories.
         Mounting [0;1;39mrun-rpc_pipefs.mount[0m - RPC Pipe File System...
         Starting [0;1;39mrpcbind.service[0m - RPC bind portmap service...
         Starting [0;1;39msystemd-resolved.service[0m - Network Name Resolution...
         Starting [0;1;39msystemd-timesyncd.service[0m - Network Time Synchronization...
         Starting [0;1;39msystemd-update-utmp.servi…[0mord System Boot/Shutdown in UTMP...
[[0;32m  OK  [0m] Started [0;1;39mrpcbind.service[0m - RPC bind portmap service.
[[0;32m  OK  [0m] Mounted [0;1;39mrun-rpc_pipefs.mount[0m - RPC Pipe File System.
[[0;32m  OK  [0m] Reached target [0;1;39mrpc_pipefs.target[0m.
[[0;32m  OK  [0m] Reached target [0;1;39mrpcbind.target[0m - RPC Port Mapper.
[[0;32m  OK  [0m] Reached target [0;1;39mnfs-client.target[0m - NFS client services.
[[0;32m  OK  [0m] Reached target [0;1;39mremote-fs-pre.targe…[0mreparation for Remote File Systems.
[[0;32m  OK  [0m] Reached target [0;1;39mremote-fs.target[0m - Remote File Systems.
[[0;32m  OK  [0m] Finished [0;1;39mnetworking.service[0m - Raise network interfaces.
[[0;32m  OK  [0m] Finished [0;1;39msystemd-update-utmp.servi…[0mecord System Boot/Shutdown in UTMP.
[[0;32m  OK  [0m] Started [0;1;39msystemd-timesyncd.service[0m - Network Time Synchronization.
[[0;32m  OK  [0m] Reached target [0;1;39mtime-set.target[0m - System Time Set.
[[0;32m  OK  [0m] Started [0;1;39msystemd-resolved.service[0m - Network Name Resolution.
[[0;32m  OK  [0m] Reached target [0;1;39mnetwork.target[0m - Network.
[[0;32m  OK  [0m] Reached target [0;1;39mnetwork-online.target[0m - Network is Online.
[[0;32m  OK  [0m] Reached target [0;1;39mnss-lookup.target[0m - Host and Network Name Lookups.
[[0;32m  OK  [0m] Reached target [0;1;39msysinit.target[0m - System Initialization.
[[0;32m  OK  [0m] Started [0;1;39mapt-daily.timer[0m - Daily apt download activities.
[[0;32m  OK  [0m] Started [0;1;39mapt-daily-upgrade.timer[0m - …y apt upgrade and clean activities.
[[0;32m  OK  [0m] Started [0;1;39mdpkg-db-backup.timer[0m - Daily dpkg database backup timer.
[[0;32m  OK  [0m] Started [0;1;39me2scrub_all.timer[0m - Period…Metadata Check for All Filesystems.
[[0;32m  OK  [0m] Started [0;1;39mfstrim.timer[0m - Discard unused filesystem blocks once a week.
[[0;32m  OK  [0m] Started [0;1;39mlogrotate.timer[0m - Daily rotation of log files.
[[0;32m  OK  [0m] Started [0;1;39mmotd-news.timer[0m - Message of the Day.
[[0;32m  OK  [0m] Started [0;1;39msystemd-tmpfiles-clean.tim…[0my Cleanup of Temporary Directories.
[[0;32m  OK  [0m] Reached target [0;1;39mtimers.target[0m - Timer Units.
[[0;32m  OK  [0m] Listening on [0;1;39mdbus.socket[0m - D-Bus System Message Bus Socket.
[[0;32m  OK  [0m] Listening on [0;1;39mssh.socket[0m - OpenBSD Secure Shell server socket.
[[0;32m  OK  [0m] Listening on [0;1;39muuidd.socket[0m - UUID daemon activation socket.
[[0;32m  OK  [0m] Reached target [0;1;39msockets.target[0m - Socket Units.
         Mounting [0;1;39mroot-shared_with_host.mount[0m - /root/shared_with_host...
         Starting [0;1;39mrpc-statd-notify.service[0m - Notify NFS peers of a restart...
[[0;32m  OK  [0m] Reached target [0;1;39mbasic.target[0m - Basic System.
         Starting [0;1;39mdbus.service[0m - D-Bus System Message Bus...
[[0;32m  OK  [0m] Started [0;1;39mdmesg.service[0m - Save initial kernel messages after boot.
         Starting [0;1;39me2scrub_reap.service[0m - Re…ne ext4 Metadata Check Snapshots...
         Starting [0;1;39mforce-dns-config.service[0m...
         Starting [0;1;39minetutils-inetd.service[0m -…k Utilities internet superserver...
         Starting [0;1;39mrsyslog.service[0m - System Logging Service...
         Starting [0;1;39mssh.service[0m - OpenBSD Secure Shell server...
         Starting [0;1;39msysrq.service[0m - Raise kernel loglevel to 8 with SysRq...
         Starting [0;1;39msystemd-logind.service[0m - User Login Management...
[   13.173469] sysrq: Changing Loglevel
[   13.173624] sysrq: Loglevel set to 8
         Starting [0;1;39msystemd-user-sessions.service[0m - Permit User Sessions...
         Starting [0;1;39mvmtouch.service[0m - LSB: Start vmtouch daemon...
[[0;32m  OK  [0m] Started [0;1;39mdbus.service[0m - D-Bus System Message Bus.
[[0;32m  OK  [0m] Mounted [0;1;39mroot-shared_with_host.mount[0m - /root/shared_with_host.
[[0;32m  OK  [0m] Started [0;1;39mrpc-statd-notify.service[0m - Notify NFS peers of a restart.
[[0;32m  OK  [0m] Finished [0;1;39me2scrub_reap.service[0m - Re…line ext4 Metadata Check Snapshots.
[[0;32m  OK  [0m] Finished [0;1;39msysrq.service[0m - Raise kernel loglevel to 8 with SysRq.
[[0;32m  OK  [0m] Finished [0;1;39msystemd-user-sessions.service[0m - Permit User Sessions.
[[0;32m  OK  [0m] Finished [0;1;39mforce-dns-config.service[0m.
[[0;32m  OK  [0m] Started [0;1;39mgetty@tty1.service[0m - Getty on tty1.
[[0;32m  OK  [0m] Started [0;1;39mserial-getty@ttyAMA0.service[0m - Serial Getty on ttyAMA0.
[[0;32m  OK  [0m] Reached target [0;1;39mgetty.target[0m - Login Prompts.
[[0;32m  OK  [0m] Started [0;1;39mssh.service[0m - OpenBSD Secure Shell server.
[[0;32m  OK  [0m] Started [0;1;39msystemd-logind.service[0m - User Login Management.
[[0;32m  OK  [0m] Started [0;1;39mrsyslog.service[0m - System Logging Service.
[[0;32m  OK  [0m] Started [0;1;39mvmtouch.service[0m - LSB: Start vmtouch daemon.
[[0;32m  OK  [0m] Reached target [0;1;39mmulti-user.target[0m - Multi-User System.
[[0;32m  OK  [0m] Reached target [0;1;39mgraphical.target[0m - Graphical Interface.
         Starting [0;1;39msystemd-update-utmp-runle…[0m- Record Runlevel Change in UTMP...
         Starting [0;1;39mvm-debug-setup.service[0m - …Panic and SysRq Settings on Boot...
[[0;32m  OK  [0m] Finished [0;1;39msystemd-update-utmp-runle…e[0m - Record Runlevel Change in UTMP.
[[0;32m  OK  [0m] Finished [0;1;39mvm-debug-setup.service[0m - …l Panic and SysRq Settings on Boot.

Ubuntu 24.04.2 LTS localhost.localdomain ttyAMA0

localhost login: root
Password: 
Welcome to Ubuntu 24.04.2 LTS (GNU/Linux 6.19.0-rc1-gcea8d661ee52-dirty aarch64)

 * Documentation:  https://help.ubuntu.com
 * Management:     https://landscape.canonical.com
 * Support:        https://ubuntu.com/pro

This system has been minimized by removing packages and content that are
not required on a system that users do not log into.

To restore this content, you can run the 'unminimize' command.
[?2004hroot@localhost:~# l
[?2004lsa.img	      fixgcc.sh  new.svg	rw_test.sh*	   vmlinux.btf
blk_test.sh   fstab	 perf_results/	shared_with_host/  xfstests-dev/
fio_results/  install	 remnt		trace.dat
[?2004hroot@localhost:~# scd d[K[K[K[K[Kcd shared_with_host/
[?2004l[?2004hroot@localhost:~/shared_with_host# ls
[?2004l'\'
 atomic_write.py
 blo_plug.bt
 btrace
 check_fio_results
 create_chart.py
 create_sparse_file.py
 cross.sh
 dump.txt
 f2fs_ffs_slab_2026-01-02_204027.csv
 f2fs_ioctl.py
 fill_f2fs.sh
 filt_csv.py
 filter_script.py
 fio_results
 generate_kernel_report.py
 hole_plots
 hole_report.txt
 i_841.txt
 mymodules
 nid_seg.py
 no_hole_report.txt
 parse_fio_logs.py
 perf_data
 performance_summary_report.txt
 pi_fio_results
 remnt.sh
 report.txt
 result_com.csv
 results.csv
 results_filt_kernel_iomap_v1_vanila_date_20250808.csv
 results_filt_kernel_vanila_hole_iomap_v1_hole_date_20250809.csv
 results_without_writes.csv
 run_benchmark.py
 sshd_config
 test
 type.h
 visualize_results.py
 vm-debug-setup.service
 watch_ffs.sh
[?2004hroot@localhost:~/shared_with_host# cd test/
[?2004l[?2004hroot@localhost:~/shared_with_host/test# ls
[?2004lblk_test.sh	       fio_test.sh	      test.sh
clear_cache.sh	       mkwrite_test.py	      write_hole_test.sh
do_read_test.sh        mmap_wp_fault_test.py  write_inline_test.sh
dump.txt	       rw_test.py	      write_test.py
f2fs_immut_gc.sh       rw_test.sh
f2fs_pages_pending.sh  shut_wb.sh
[?2004hroot@localhost:~/shared_with_host/test# [   72.878961] f2fs_write_cache_folios: writeback_iter folio=0000000028b0a5f4 index=0 order=0,inode->ino=110653
[   72.885148] f2fs_write_cache_folios: writeback_iter folio=0000000097bb92d3 index=1 order=0,inode->ino=110653
[   72.887285] f2fs_write_cache_folios: writeback_iter folio=0000000043c88c4a index=2 order=0,inode->ino=110653
[   72.888229] f2fs_write_cache_folios: writeback_iter folio=000000008b977f67 index=3 order=0,inode->ino=110653
[   72.888430] f2fs_write_cache_folios: writeback_iter folio=000000008eef6a26 index=4 order=0,inode->ino=110653
[   72.888569] f2fs_write_cache_folios: writeback_iter folio=0000000086d3af14 index=5 order=0,inode->ino=110653
[   72.888692] f2fs_write_cache_folios: writeback_iter folio=00000000c6bf3940 index=6 order=0,inode->ino=110653
[   72.889213] f2fs_write_cache_folios: writeback_iter folio=00000000ba8993ef index=7 order=0,inode->ino=110653
[   72.889372] f2fs_write_cache_folios: writeback_iter folio=000000009f615e1f index=8 order=0,inode->ino=110653
[   72.889508] f2fs_write_cache_folios: writeback_iter folio=000000008a5d01cc index=9 order=0,inode->ino=110653
[   72.889627] f2fs_write_cache_folios: writeback_iter folio=00000000520881d7 index=10 order=0,inode->ino=110653
[   72.889793] f2fs_write_cache_folios: writeback_iter folio=000000000a71fdd4 index=11 order=0,inode->ino=110653
[   72.889933] f2fs_write_cache_folios: writeback_iter folio=0000000009369f07 index=12 order=0,inode->ino=110653
[   72.890109] f2fs_write_cache_folios: writeback_iter folio=000000008cb56873 index=13 order=0,inode->ino=110653
[   72.890402] f2fs_write_cache_folios: writeback_iter folio=00000000ae532e7d index=14 order=0,inode->ino=110653
[   72.890543] f2fs_write_cache_folios: writeback_iter folio=00000000cedab564 index=15 order=0,inode->ino=110653
